// Jest Snapshot v1, https://goo.gl/fbAQLP

exports[`NavBar component NavBar snapshot test 1`] = `
<DocumentFragment>
  <nav
    class="nav-menu"
  >
    <a
      class="nav-title"
      href="/"
    >
      Math Magicians
    </a>
    <ul
      class="nav-menu-list"
    >
      <li>
        <a
          activeclassname="active-link"
          aria-current="page"
          class="active"
          href="/"
        >
          Home
        </a>
      </li>
      <li>
        <a
          activeclassname="active-link"
          class=""
          href="/calculator/"
        >
          Calculator
        </a>
      </li>
      <li>
        <a
          activeclassname="active-link"
          class=""
          href="/quote/"
        >
          Quote
        </a>
      </li>
    </ul>
  </nav>
</DocumentFragment>
`;
